// Jest Snapshot v1, https://goo.gl/fbAQLP

exports[`renders ForgotPasswordView correctly 1`] = `
<div
  className="sc-ifAKCX crLKJc"
>
  <div
    className="sc-bxivhb rwJTG"
  >
    <svg
      className="sc-htpNat ctIEmo"
      height="80px"
      version="1.1"
      viewBox="0 0 90 90"
      x="0px"
      xmlns="http://www.w3.org/2000/svg"
      xmlnsXlink="http://www.w3.org/1999/xlink"
      y="0px"
    >
      <polygon
        className={undefined}
        points="38.182,57.753 20.18,47.91 20.18,42.455 38.182,32.652 38.182,39.074 25.625,45.113 38.182,51.379"
      />
      <polygon
        className={undefined}
        points="39.848,62.08 46.351,27.918 50.136,27.918 43.56,62.08"
      />
      <polygon
        className={undefined}
        points="51.8,57.78 51.8,51.4 64.372,45.181 51.8,39.028 51.8,32.696 69.82,42.5 69.82,47.91"
      />
      <path
        className={undefined}
        d="M44.999,86.031L9.465,65.517V24.484L44.999,3.969l35.536,20.516v41.029L44.999,86.031ZM13.07,63.434l31.929,18.434L76.93,63.434V26.566L44.999,8.131L13.07,26.565V63.434L13.07,63.434Z"
      />
    </svg>
    Loading...
  </div>
  <h1
    className="sc-EHOje jAxroT"
  >
    Forgot Password
  </h1>
  <form
    className="sc-bZQynM jkjxgO"
    onSubmit={[Function]}
  >
    <fieldset>
      <legend>
        Resetting your password, User?
      </legend>
      <ul
        className="sc-bdVaJa geqhDw"
      />
      <div
        className="sc-htoDjs gXikFF"
      >
        <div
          className="sc-VigVT fqVYBn"
        >
          <label
            htmlFor="email"
          >
            Email:
            <input
              autoComplete="off"
              className="sc-dnqmqq vznFB"
              id="email"
              onChange={[Function]}
              placeholder="email@udia.ca"
              type="email"
              value=""
            />
          </label>
          <ul
            className="sc-bwzfXH cUxdKH"
          />
          <ul
            className="sc-bdVaJa geqhDw"
          />
        </div>
        <button
          className="sc-jTzLTM kbCNdq"
        >
          Request Password Reset
        </button>
      </div>
    </fieldset>
  </form>
</div>
`;
